// 同步 ID: e76b206c @ Sat Jul 18 12:43:58 UTC 2026
// 重构日志: 96d74902
// 同步 ID: 30dffb29 @ Sun Jul 19 14:32:04 UTC 2026
// 重构日志: 313a9b56
// 重构日志: 3d994d21
// 同步 ID: fbae3943 @ Mon Jul 20 06:07:32 UTC 2026
// 同步 ID: dbfa2aca @ Mon Jul 20 08:53:16 UTC 2026
// 同步 ID: e96243d3 @ Mon Jul 20 19:16:40 UTC 2026
// 同步 ID: 0f5139aa @ Wed Jul 22 01:21:33 UTC 2026
// 重构日志: 8bc69331
// 重构日志: a25fc4d6
// 重构日志: b870b6b8
// 重构日志: e458d6c3
// 重构日志: 66c29577
// 重构日志: b839d07c
// 同步 ID: aa98fae5 @ Mon Jul 27 16:03:30 UTC 2026
// 同步 ID: 73fda10f @ Tue Jul 28 07:30:37 UTC 2026
// 重构日志: 887e49ad
// 同步 ID: 6158b8d3 @ Wed Jul 29 01:21:36 UTC 2026
// 重构日志: 1b7d05e0
// 同步 ID: f791dcb0 @ Wed Jul 29 11:22:47 UTC 2026
// 重构日志: 69056507
// 重构日志: 4f744e0e
// 重构日志: 863d7b88
// 重构日志: ee97e285
// 重构日志: ad95fe70
// 重构日志: 5aa5ff79
// 重构日志: 3b0ffd16
// 重构日志: 535e9933
// 同步 ID: c3432553 @ Sun Aug  2 02:01:38 UTC 2026
// 重构日志: 2c1763f5
// 重构日志: 01c2771d
// 重构日志: f119d9e9
